Archive member included to satisfy reference by file (symbol)

d:/mounriver/mounriver_studio/toolchain/risc-v embedded gcc/bin/../lib/gcc/riscv-none-embed/8.2.0/rv32imac/ilp32\libgcc.a(adddf3.o)
                              ./User/MPU6050.o (__adddf3)
d:/mounriver/mounriver_studio/toolchain/risc-v embedded gcc/bin/../lib/gcc/riscv-none-embed/8.2.0/rv32imac/ilp32\libgcc.a(divdf3.o)
                              ./User/MPU6050.o (__divdf3)
d:/mounriver/mounriver_studio/toolchain/risc-v embedded gcc/bin/../lib/gcc/riscv-none-embed/8.2.0/rv32imac/ilp32\libgcc.a(muldf3.o)
                              ./User/AHT_10.o (__muldf3)
d:/mounriver/mounriver_studio/toolchain/risc-v embedded gcc/bin/../lib/gcc/riscv-none-embed/8.2.0/rv32imac/ilp32\libgcc.a(subdf3.o)
                              ./User/AHT_10.o (__subdf3)
d:/mounriver/mounriver_studio/toolchain/risc-v embedded gcc/bin/../lib/gcc/riscv-none-embed/8.2.0/rv32imac/ilp32\libgcc.a(floatsidf.o)
                              ./User/AHT_10.o (__floatsidf)
d:/mounriver/mounriver_studio/toolchain/risc-v embedded gcc/bin/../lib/gcc/riscv-none-embed/8.2.0/rv32imac/ilp32\libgcc.a(floatunsidf.o)
                              ./User/MPU6050.o (__floatunsidf)
d:/mounriver/mounriver_studio/toolchain/risc-v embedded gcc/bin/../lib/gcc/riscv-none-embed/8.2.0/rv32imac/ilp32\libgcc.a(mulsf3.o)
                              ./User/MPU6050.o (__mulsf3)
d:/mounriver/mounriver_studio/toolchain/risc-v embedded gcc/bin/../lib/gcc/riscv-none-embed/8.2.0/rv32imac/ilp32\libgcc.a(fixsfsi.o)
                              ./User/MPU6050.o (__fixsfsi)
d:/mounriver/mounriver_studio/toolchain/risc-v embedded gcc/bin/../lib/gcc/riscv-none-embed/8.2.0/rv32imac/ilp32\libgcc.a(truncdfsf2.o)
                              ./User/AHT_10.o (__truncdfsf2)
d:/mounriver/mounriver_studio/toolchain/risc-v embedded gcc/bin/../lib/gcc/riscv-none-embed/8.2.0/rv32imac/ilp32\libgcc.a(_clzsi2.o)
                              d:/mounriver/mounriver_studio/toolchain/risc-v embedded gcc/bin/../lib/gcc/riscv-none-embed/8.2.0/rv32imac/ilp32\libgcc.a(adddf3.o) (__clzsi2)
d:/mounriver/mounriver_studio/toolchain/risc-v embedded gcc/bin/../lib/gcc/riscv-none-embed/8.2.0/rv32imac/ilp32\libgcc.a(_clz.o)
                              d:/mounriver/mounriver_studio/toolchain/risc-v embedded gcc/bin/../lib/gcc/riscv-none-embed/8.2.0/rv32imac/ilp32\libgcc.a(_clzsi2.o) (__clz_tab)
d:/mounriver/mounriver_studio/toolchain/risc-v embedded gcc/bin/../lib/gcc/riscv-none-embed/8.2.0/../../../../riscv-none-embed/lib/rv32imac/ilp32\libg_nano.a(lib_a-itoa.o)
                              ./User/main.o (itoa)
d:/mounriver/mounriver_studio/toolchain/risc-v embedded gcc/bin/../lib/gcc/riscv-none-embed/8.2.0/../../../../riscv-none-embed/lib/rv32imac/ilp32\libg_nano.a(lib_a-memset.o)
                              ./User/lcd.o (memset)
d:/mounriver/mounriver_studio/toolchain/risc-v embedded gcc/bin/../lib/gcc/riscv-none-embed/8.2.0/../../../../riscv-none-embed/lib/rv32imac/ilp32\libg_nano.a(lib_a-printf.o)
                              ./User/lcd.o (printf)
d:/mounriver/mounriver_studio/toolchain/risc-v embedded gcc/bin/../lib/gcc/riscv-none-embed/8.2.0/../../../../riscv-none-embed/lib/rv32imac/ilp32\libg_nano.a(lib_a-puts.o)
                              ./User/main.o (puts)
d:/mounriver/mounriver_studio/toolchain/risc-v embedded gcc/bin/../lib/gcc/riscv-none-embed/8.2.0/../../../../riscv-none-embed/lib/rv32imac/ilp32\libg_nano.a(lib_a-utoa.o)
                              d:/mounriver/mounriver_studio/toolchain/risc-v embedded gcc/bin/../lib/gcc/riscv-none-embed/8.2.0/../../../../riscv-none-embed/lib/rv32imac/ilp32\libg_nano.a(lib_a-itoa.o) (__utoa)
d:/mounriver/mounriver_studio/toolchain/risc-v embedded gcc/bin/../lib/gcc/riscv-none-embed/8.2.0/../../../../riscv-none-embed/lib/rv32imac/ilp32\libg_nano.a(lib_a-vsnprintf.o)
                              ./User/lcd.o (vsnprintf)
d:/mounriver/mounriver_studio/toolchain/risc-v embedded gcc/bin/../lib/gcc/riscv-none-embed/8.2.0/../../../../riscv-none-embed/lib/rv32imac/ilp32\libg_nano.a(lib_a-wbuf.o)
                              d:/mounriver/mounriver_studio/toolchain/risc-v embedded gcc/bin/../lib/gcc/riscv-none-embed/8.2.0/../../../../riscv-none-embed/lib/rv32imac/ilp32\libg_nano.a(lib_a-puts.o) (__swbuf_r)
d:/mounriver/mounriver_studio/toolchain/risc-v embedded gcc/bin/../lib/gcc/riscv-none-embed/8.2.0/../../../../riscv-none-embed/lib/rv32imac/ilp32\libg_nano.a(lib_a-wsetup.o)
                              d:/mounriver/mounriver_studio/toolchain/risc-v embedded gcc/bin/../lib/gcc/riscv-none-embed/8.2.0/../../../../riscv-none-embed/lib/rv32imac/ilp32\libg_nano.a(lib_a-puts.o) (__swsetup_r)
d:/mounriver/mounriver_studio/toolchain/risc-v embedded gcc/bin/../lib/gcc/riscv-none-embed/8.2.0/../../../../riscv-none-embed/lib/rv32imac/ilp32\libg_nano.a(lib_a-fflush.o)
[...]
Memory Configuration

Name             Origin             Length             Attributes
FLASH            0x0000000000000000 0x0000000000040000 xr
RAM              0x0000000020000000 0x0000000000020000 xrw
*default*        0x0000000000000000 0xffffffffffffffff

Linker script and memory map

LOAD ./User/AHT_10.o
LOAD ./User/AP3216C.o
LOAD ./User/IIC.o
LOAD ./User/MPU6050.o
LOAD ./User/ch32v30x_it.o
LOAD ./User/es8388.o
LOAD ./User/lcd.o
LOAD ./User/main.o
LOAD ./User/system_ch32v30x.o
LOAD ./Startup/startup_ch32v30x.o
LOAD ./Peripheral/src/ch32v30x_adc.o
LOAD ./Peripheral/src/ch32v30x_bkp.o
LOAD ./Peripheral/src/ch32v30x_can.o
LOAD ./Peripheral/src/ch32v30x_crc.o
LOAD ./Peripheral/src/ch32v30x_dac.o
LOAD ./Peripheral/src/ch32v30x_dbgmcu.o
LOAD ./Peripheral/src/ch32v30x_dma.o
LOAD ./Peripheral/src/ch32v30x_dvp.o
LOAD ./Peripheral/src/ch32v30x_eth.o
LOAD ./Peripheral/src/ch32v30x_exti.o
LOAD ./Peripheral/src/ch32v30x_flash.o
LOAD ./Peripheral/src/ch32v30x_fsmc.o
LOAD ./Peripheral/src/ch32v30x_gpio.o
LOAD ./Peripheral/src/ch32v30x_i2c.o
LOAD ./Peripheral/src/ch32v30x_iwdg.o
LOAD ./Peripheral/src/ch32v30x_misc.o
LOAD ./Peripheral/src/ch32v30x_opa.o
LOAD ./Peripheral/src/ch32v30x_pwr.o
LOAD ./Peripheral/src/ch32v30x_rcc.o
LOAD ./Peripheral/src/ch32v30x_rng.o
LOAD ./Peripheral/src/ch32v30x_rtc.o
LOAD ./Peripheral/src/ch32v30x_sdio.o
LOAD ./Peripheral/src/ch32v30x_spi.o
LOAD ./Peripheral/src/ch32v30x_tim.o
LOAD ./Peripheral/src/ch32v30x_usart.o
LOAD ./Peripheral/src/ch32v30x_wwdg.o
LOAD ./Debug/debug.o
LOAD ./Core/core_riscv.o
LOAD d:/mounriver/mounriver_studio/toolchain/risc-v embedded gcc/bin/../lib/gcc/riscv-none-embed/8.2.0/rv32imac/ilp32\libgcc.a
LOAD d:/mounriver/mounriver_studio/toolchain/risc-v embedded gcc/bin/../lib/gcc/riscv-none-embed/8.2.0/../../../../riscv-none-embed/lib/rv32imac/ilp32\libg_nano.a
LOAD d:/mounriver/mounriver_studio/toolchain/risc-v embedded gcc/bin/../lib/gcc/riscv-none-embed/8.2.0/../../../../riscv-none-embed/lib/rv32imac/ilp32\libc_nano.a
LOAD d:/mounriver/mounriver_studio/toolchain/risc-v embedded gcc/bin/../lib/gcc/riscv-none-embed/8.2.0/rv32imac/ilp32\libgcc.a
START GROUP
LOAD d:/mounriver/mounriver_studio/toolchain/risc-v embedded gcc/bin/../lib/gcc/riscv-none-embed/8.2.0/rv32imac/ilp32\libgcc.a
LOAD d:/mounriver/mounriver_studio/toolchain/risc-v embedded gcc/bin/../lib/gcc/riscv-none-embed/8.2.0/../../../../riscv-none-embed/lib/rv32imac/ilp32\libc_nano.a
LOAD d:/mounriver/mounriver_studio/toolchain/risc-v embedded gcc/bin/../lib/gcc/riscv-none-embed/8.2.0/../../../../riscv-none-embed/lib/rv32imac/ilp32\libnosys.a
END GROUP
START GROUP
LOAD d:/mounriver/mounriver_studio/toolchain/risc-v embedded gcc/bin/../lib/gcc/riscv-none-embed/8.2.0/rv32imac/ilp32\libgcc.a
LOAD d:/mounriver/mounriver_studio/toolchain/risc-v embedded gcc/bin/../lib/gcc/riscv-none-embed/8.2.0/../../../../riscv-none-embed/lib/rv32imac/ilp32\libc_nano.a
LOAD d:/mounriver/mounriver_studio/toolchain/risc-v embedded gcc/bin/../lib/gcc/riscv-none-embed/8.2.0/../../../../riscv-none-embed/lib/rv32imac/ilp32\libnosys.a
END GROUP
                0x0000000000000800                __stack_size = 0x800
                [!provide]                        PROVIDE (_stack_size = __stack_size)

.init           0x0000000000000000       0x38
                0x0000000000000000                _sinit = .
                0x0000000000000000                . = ALIGN (0x4)
 *(SORT_NONE(.init))
 .init          0x0000000000000000       0x38 ./Startup/startup_ch32v30x.o
                0x0000000000000000                _start
                0x0000000000000038                . = ALIGN (0x4)
                0x0000000000000038                _einit = .

.vector         0x0000000000000038      0x1c8
 *(.vector)
 .vector        0x0000000000000038      0x1a0 ./Startup/startup_ch32v30x.o
                0x0000000000000200                . = ALIGN (0x40)
 *fill*         0x00000000000001d8       0x28 

.text           0x0000000000000200     0x843c
                0x0000000000000200                . = ALIGN (0x4)
 *(.text)
 .text          0x0000000000000200       0xa8 d:/mounriver/mounriver_studio/toolchain/risc-v embedded gcc/bin/../lib/gcc/riscv-none-embed/8.2.0/../../../../riscv-none-embed/lib/rv32imac/ilp32\libg_nano.a(lib_a-memset.o)
                0x0000000000000200                memset
 *(.text.*)
 .text.AHT10_Write_Data
                0x00000000000002a8       0xde ./User/AHT_10.o
                0x00000000000002a8                AHT10_Write_Data
 .text.AHT10_Read_Data
                0x0000000000000386       0xd8 ./User/AHT_10.o
                0x0000000000000386                AHT10_Read_Data
 .text.AHT10_Read_Temperature
                0x000000000000045e       0x8e ./User/AHT_10.o
                0x000000000000045e                AHT10_Read_Temperature
 .text.AHT10_Read_Humidity
                0x00000000000004ec       0x78 ./User/AHT_10.o
                0x00000000000004ec                AHT10_Read_Humidity
 .text.AHT10_Init
                0x0000000000000564       0x54 ./User/AHT_10.o
                0x0000000000000564                AHT10_Init
 .text.AP3216C_WriteOneByte
                0x00000000000005b8       0xe8 ./User/AP3216C.o
                0x00000000000005b8                AP3216C_WriteOneByte
 .text.AP3216C_ReadOneByte
                0x00000000000006a0      0x100 ./User/AP3216C.o
                0x00000000000006a0                AP3216C_ReadOneByte
 .text.AP3216C_Init
                0x00000000000007a0       0x34 ./User/AP3216C.o
                0x00000000000007a0                AP3216C_Init
 .text.AP3216C_ReadData
                0x00000000000007d4       0x8a ./User/AP3216C.o
                0x00000000000007d4                AP3216C_ReadData
 .text.IIC_Init
                0x000000000000085e       0xa6 ./User/IIC.o
                0x000000000000085e                IIC_Init
 .text.MPU_Write_Byte
                0x0000000000000904       0xe8 ./User/MPU6050.o
                0x0000000000000904                MPU_Write_Byte
 .text.MPU_Read_Byte
                0x00000000000009ec      0x110 ./User/MPU6050.o
                0x00000000000009ec                MPU_Read_Byte
 .text.MPU_Init
                0x0000000000000afc       0x92 ./User/MPU6050.o
                0x0000000000000afc                MPU_Init
 .text.NMI_Handler
                0x0000000000000b8e        0x4 ./User/ch32v30x_it.o
                0x0000000000000b8e                NMI_Handler
 .text.HardFault_Handler
                0x0000000000000b92        0x2 ./User/ch32v30x_it.o
                0x0000000000000b92                HardFault_Handler
 .text.lcd_write_half_word
                0x0000000000000b94       0x16 ./User/lcd.o
                0x0000000000000b94                lcd_write_half_word
 .text.lcd_read_data
                0x0000000000000baa       0x1a ./User/lcd.o
                0x0000000000000baa                lcd_read_data
 .text.lcd_fsmc_init
                0x0000000000000bc4      0x122 ./User/lcd.o
                0x0000000000000bc4                lcd_fsmc_init
 .text.TIM1_PWMOut_Init
                0x0000000000000ce6       0x76 ./User/lcd.o
                0x0000000000000ce6                TIM1_PWMOut_Init
 .text.lcd_gpio_init
                0x0000000000000d5c       0x48 ./User/lcd.o
                0x0000000000000d5c                lcd_gpio_init
 .text.LCD_SetBrightness
                0x0000000000000da4       0x1c ./User/lcd.o
                0x0000000000000da4                LCD_SetBrightness
 .text.lcd_set_color
                0x0000000000000dc0        0xe ./User/lcd.o
                0x0000000000000dc0                lcd_set_color
 .text.lcd_address_set
                0x0000000000000dce       0x5e ./User/lcd.o
                0x0000000000000dce                lcd_address_set
 .text.lcd_clear
                0x0000000000000e2c       0x4c ./User/lcd.o
                0x0000000000000e2c                lcd_clear
 .text.lcd_init
                0x0000000000000e78      0x1dc ./User/lcd.o
                0x0000000000000e78                lcd_init
 .text.lcd_fill
                0x0000000000001054       0x4c ./User/lcd.o
                0x0000000000001054                lcd_fill
 .text.lcd_show_char
                0x00000000000010a0      0x1b2 ./User/lcd.o
                0x00000000000010a0                lcd_show_char
 .text.lcd_show_string
                0x0000000000001252       0xcc ./User/lcd.o
                0x0000000000001252                lcd_show_string
 .text.USARTx_CFG
                0x000000000000131e       0x88 ./User/main.o
                0x000000000000131e                USARTx_CFG
 .text.DMA_INIT_BLE
                0x00000000000013a6       0x82 ./User/main.o
                0x00000000000013a6                DMA_INIT_BLE
 .text.GPIO_CFG
                0x0000000000001428       0x4e ./User/main.o
                0x0000000000001428                GPIO_CFG
 .text.uartWriteBLE
                0x0000000000001476       0x5a ./User/main.o
                0x0000000000001476                uartWriteBLE
 .text.uartWriteBLEstr
                0x00000000000014d0       0x16 ./User/main.o
                0x00000000000014d0                uartWriteBLEstr
 .text.uartReadBLE
                0x00000000000014e6       0x80 ./User/main.o
                0x00000000000014e6                uartReadBLE
 .text.uartAvailableBLE
                0x0000000000001566       0x36 ./User/main.o
                0x0000000000001566                uartAvailableBLE
 .text.GPIO_INIT
                0x000000000000159c       0x70 ./User/main.o
                0x000000000000159c                GPIO_INIT
 .text.LED_GPIO_Init
                0x000000000000160c       0x6e ./User/main.o
                0x000000000000160c                LED_GPIO_Init
 .text.test_sensor
                0x000000000000167a      0x234 ./User/main.o
                0x000000000000167a                test_sensor
 .text.test_lcd
                0x00000000000018ae       0x9c ./User/main.o
                0x00000000000018ae                test_lcd
 .text.startup.main
                0x000000000000194a      0x170 ./User/main.o
                0x000000000000194a                main
 .text.SystemInit
                0x0000000000001aba      0x124 ./User/system_ch32v30x.o
                0x0000000000001aba                SystemInit
 .text.vector_handler
                0x0000000000001bde       0xbe ./Startup/startup_ch32v30x.o
                0x0000000000001be2                Ecall_M_Mode_Handler
                0x0000000000001be4                Ecall_U_Mode_Handler
                0x0000000000001be6                Break_Point_Handler
                0x0000000000001be8                SysTick_Handler
                0x0000000000001bea                SW_handler
                0x0000000000001bec                WWDG_IRQHandler
                0x0000000000001bee                PVD_IRQHandler
                0x0000000000001bf0                TAMPER_IRQHandler
                0x0000000000001bf2                RTC_IRQHandler
                0x0000000000001bf4                FLASH_IRQHandler
                0x0000000000001bf6                RCC_IRQHandler
                0x0000000000001bf8                EXTI0_IRQHandler
                0x0000000000001bfa                EXTI1_IRQHandler
                0x0000000000001bfc                EXTI2_IRQHandler
                0x0000000000001bfe                EXTI3_IRQHandler
                0x0000000000001c00                EXTI4_IRQHandler
                0x0000000000001c02                DMA1_Channel1_IRQHandler
                0x0000000000001c04                DMA1_Channel2_IRQHandler
                0x0000000000001c06                DMA1_Channel3_IRQHandler
                0x0000000000001c08                DMA1_Channel4_IRQHandler
                0x0000000000001c0a                DMA1_Channel5_IRQHandler
                0x0000000000001c0c                DMA1_Channel6_IRQHandler
                0x0000000000001c0e                DMA1_Channel7_IRQHandler
                0x0000000000001c10                ADC1_2_IRQHandler
                0x0000000000001c12                USB_HP_CAN1_TX_IRQHandler
                0x0000000000001c14                USB_LP_CAN1_RX0_IRQHandler
                0x0000000000001c16                CAN1_RX1_IRQHandler
                0x0000000000001c18                CAN1_SCE_IRQHandler
                0x0000000000001c1a                EXTI9_5_IRQHandler
                0x0000000000001c1c                TIM1_BRK_IRQHandler
                0x0000000000001c1e                TIM1_UP_IRQHandler
                0x0000000000001c20                TIM1_TRG_COM_IRQHandler
                0x0000000000001c22                TIM1_CC_IRQHandler
                0x0000000000001c24                TIM2_IRQHandler
                0x0000000000001c26                TIM3_IRQHandler
                0x0000000000001c28                TIM4_IRQHandler
                0x0000000000001c2a                I2C1_EV_IRQHandler
                0x0000000000001c2c                I2C1_ER_IRQHandler
                0x0000000000001c2e                I2C2_EV_IRQHandler
                0x0000000000001c30                I2C2_ER_IRQHandler
                0x0000000000001c32                SPI1_IRQHandler
                0x0000000000001c34                SPI2_IRQHandler
                0x0000000000001c36                USART1_IRQHandler
                0x0000000000001c38                USART2_IRQHandler
                0x0000000000001c3a                USART3_IRQHandler
                0x0000000000001c3c                EXTI15_10_IRQHandler
                0x0000000000001c3e                RTCAlarm_IRQHandler
                0x0000000000001c40                USBWakeUp_IRQHandler
                0x0000000000001c42                TIM8_BRK_IRQHandler
                0x0000000000001c44                TIM8_UP_IRQHandler
                0x0000000000001c46                TIM8_TRG_COM_IRQHandler
                0x0000000000001c48                TIM8_CC_IRQHandler
                0x0000000000001c4a                RNG_IRQHandler
                0x0000000000001c4c                FSMC_IRQHandler
                0x0000000000001c4e                SDIO_IRQHandler
                0x0000000000001c50                TIM5_IRQHandler
                0x0000000000001c52                SPI3_IRQHandler
                0x0000000000001c54                UART4_IRQHandler
                0x0000000000001c56                UART5_IRQHandler
                0x0000000000001c58                TIM6_IRQHandler
                0x0000000000001c5a                TIM7_IRQHandler
                0x0000000000001c5c                DMA2_Channel1_IRQHandler
                0x0000000000001c5e                DMA2_Channel2_IRQHandler
                0x0000000000001c60                DMA2_Channel3_IRQHandler
                0x0000000000001c62                DMA2_Channel4_IRQHandler
                0x0000000000001c64                DMA2_Channel5_IRQHandler
                0x0000000000001c66                ETH_IRQHandler
                0x0000000000001c68                ETH_WKUP_IRQHandler
                0x0000000000001c6a                CAN2_TX_IRQHandler
                0x0000000000001c6c                CAN2_RX0_IRQHandler
                0x0000000000001c6e                CAN2_RX1_IRQHandler
                0x0000000000001c70                CAN2_SCE_IRQHandler
                0x0000000000001c72                OTG_FS_IRQHandler
                0x0000000000001c74                USBHSWakeup_IRQHandler
                0x0000000000001c76                USBHS_IRQHandler
                0x0000000000001c78                DVP_IRQHandler
                0x0000000000001c7a                UART6_IRQHandler
                0x0000000000001c7c                UART7_IRQHandler
                0x0000000000001c7e                UART8_IRQHandler
                0x0000000000001c80                TIM9_BRK_IRQHandler
                0x0000000000001c82                TIM9_UP_IRQHandler
                0x0000000000001c84                TIM9_TRG_COM_IRQHandler
                0x0000000000001c86                TIM9_CC_IRQHandler
                0x0000000000001c88                TIM10_BRK_IRQHandler
                0x0000000000001c8a                TIM10_UP_IRQHandler
                0x0000000000001c8c                TIM10_TRG_COM_IRQHandler
                0x0000000000001c8e                TIM10_CC_IRQHandler
                0x0000000000001c90                DMA2_Channel6_IRQHandler
                0x0000000000001c92                DMA2_Channel7_IRQHandler
                0x0000000000001c94                DMA2_Channel8_IRQHandler
                0x0000000000001c96                DMA2_Channel9_IRQHandler
                0x0000000000001c98                DMA2_Channel10_IRQHandler
                0x0000000000001c9a                DMA2_Channel11_IRQHandler
 .text.handle_reset
                0x0000000000001c9c       0x8e ./Startup/startup_ch32v30x.o
                0x0000000000001c9c                handle_reset
 .text.DMA_DeInit
                0x0000000000001d2a      0x16c ./Peripheral/src/ch32v30x_dma.o
                0x0000000000001d2a                DMA_DeInit
 .text.DMA_Init
                0x0000000000001e96       0x38 ./Peripheral/src/ch32v30x_dma.o
                0x0000000000001e96                DMA_Init
 .text.DMA_Cmd  0x0000000000001ece       0x14 ./Peripheral/src/ch32v30x_dma.o
                0x0000000000001ece                DMA_Cmd
 .text.DMA_SetCurrDataCounter
                0x0000000000001ee2        0x4 ./Peripheral/src/ch32v30x_dma.o
                0x0000000000001ee2                DMA_SetCurrDataCounter
 .text.DMA_GetCurrDataCounter
                0x0000000000001ee6        0x8 ./Peripheral/src/ch32v30x_dma.o
                0x0000000000001ee6                DMA_GetCurrDataCounter
 .text.DMA_ClearFlag
                0x0000000000001eee       0x2c ./Peripheral/src/ch32v30x_dma.o
                0x0000000000001eee                DMA_ClearFlag
 .text.FSMC_NORSRAMInit
                0x0000000000001f1a       0xba ./Peripheral/src/ch32v30x_fsmc.o
                0x0000000000001f1a                FSMC_NORSRAMInit
 .text.FSMC_NORSRAMCmd
                0x0000000000001fd4       0x1e ./Peripheral/src/ch32v30x_fsmc.o
                0x0000000000001fd4                FSMC_NORSRAMCmd
 .text.GPIO_Init
                0x0000000000001ff2       0xc2 ./Peripheral/src/ch32v30x_gpio.o
                0x0000000000001ff2                GPIO_Init
 .text.GPIO_SetBits
                0x00000000000020b4        0x4 ./Peripheral/src/ch32v30x_gpio.o
                0x00000000000020b4                GPIO_SetBits
 .text.GPIO_ResetBits
                0x00000000000020b8        0x4 ./Peripheral/src/ch32v30x_gpio.o
                0x00000000000020b8                GPIO_ResetBits
 .text.GPIO_WriteBit
                0x00000000000020bc        0xa ./Peripheral/src/ch32v30x_gpio.o
                0x00000000000020bc                GPIO_WriteBit
 .text.I2C_Init
                0x00000000000020c6      0x11a ./Peripheral/src/ch32v30x_i2c.o
                0x00000000000020c6                I2C_Init
 .text.I2C_Cmd  0x00000000000021e0       0x1c ./Peripheral/src/ch32v30x_i2c.o
                0x00000000000021e0                I2C_Cmd
 .text.I2C_GenerateSTART
                0x00000000000021fc       0x1e ./Peripheral/src/ch32v30x_i2c.o
                0x00000000000021fc                I2C_GenerateSTART
 .text.I2C_GenerateSTOP
                0x000000000000221a       0x1e ./Peripheral/src/ch32v30x_i2c.o
                0x000000000000221a                I2C_GenerateSTOP
 .text.I2C_AcknowledgeConfig
                0x0000000000002238       0x1e ./Peripheral/src/ch32v30x_i2c.o
                0x0000000000002238                I2C_AcknowledgeConfig
 .text.I2C_SendData
                0x0000000000002256        0x6 ./Peripheral/src/ch32v30x_i2c.o
                0x0000000000002256                I2C_SendData
 .text.I2C_ReceiveData
                0x000000000000225c        0xa ./Peripheral/src/ch32v30x_i2c.o
                0x000000000000225c                I2C_ReceiveData
 .text.I2C_Send7bitAddress
                0x0000000000002266       0x14 ./Peripheral/src/ch32v30x_i2c.o
                0x0000000000002266                I2C_Send7bitAddress
 .text.I2C_CheckEvent
                0x000000000000227a       0x1a ./Peripheral/src/ch32v30x_i2c.o
                0x000000000000227a                I2C_CheckEvent
 .text.I2C_GetFlagStatus
                0x0000000000002294       0x32 ./Peripheral/src/ch32v30x_i2c.o
                0x0000000000002294                I2C_GetFlagStatus
 .text.NVIC_PriorityGroupConfig
                0x00000000000022c6        0x6 ./Peripheral/src/ch32v30x_misc.o
                0x00000000000022c6                NVIC_PriorityGroupConfig
 .text.RCC_GetClocksFreq
                0x00000000000022cc      0x10e ./Peripheral/src/ch32v30x_rcc.o
                0x00000000000022cc                RCC_GetClocksFreq
 .text.RCC_AHBPeriphClockCmd
                0x00000000000023da       0x1e ./Peripheral/src/ch32v30x_rcc.o
                0x00000000000023da                RCC_AHBPeriphClockCmd
 .text.RCC_APB2PeriphClockCmd
                0x00000000000023f8       0x1e ./Peripheral/src/ch32v30x_rcc.o
                0x00000000000023f8                RCC_APB2PeriphClockCmd
 .text.RCC_APB1PeriphClockCmd
                0x0000000000002416       0x1e ./Peripheral/src/ch32v30x_rcc.o
                0x0000000000002416                RCC_APB1PeriphClockCmd
 .text.TIM_TimeBaseInit
                0x0000000000002434       0xc0 ./Peripheral/src/ch32v30x_tim.o
                0x0000000000002434                TIM_TimeBaseInit
 .text.TIM_OC2Init
                0x00000000000024f4       0xcc ./Peripheral/src/ch32v30x_tim.o
                0x00000000000024f4                TIM_OC2Init
 .text.TIM_Cmd  0x00000000000025c0       0x1c ./Peripheral/src/ch32v30x_tim.o
                0x00000000000025c0                TIM_Cmd
 .text.TIM_CtrlPWMOutputs
                0x00000000000025dc       0x16 ./Peripheral/src/ch32v30x_tim.o
                0x00000000000025dc                TIM_CtrlPWMOutputs
 .text.TIM_ARRPreloadConfig
                0x00000000000025f2       0x1e ./Peripheral/src/ch32v30x_tim.o
                0x00000000000025f2                TIM_ARRPreloadConfig
 .text.TIM_OC2PreloadConfig
                0x0000000000002610       0x1a ./Peripheral/src/ch32v30x_tim.o
                0x0000000000002610                TIM_OC2PreloadConfig
 .text.TIM_SetCompare2
                0x000000000000262a        0x6 ./Peripheral/src/ch32v30x_tim.o
                0x000000000000262a                TIM_SetCompare2
 .text.USART_Init
                0x0000000000002630       0xda ./Peripheral/src/ch32v30x_usart.o
                0x0000000000002630                USART_Init
 .text.USART_Cmd
                0x000000000000270a       0x1c ./Peripheral/src/ch32v30x_usart.o
                0x000000000000270a                USART_Cmd
 .text.USART_DMACmd
                0x0000000000002726       0x16 ./Peripheral/src/ch32v30x_usart.o
                0x0000000000002726                USART_DMACmd
 .text.USART_SendData
                0x000000000000273c        0xa ./Peripheral/src/ch32v30x_usart.o
                0x000000000000273c                USART_SendData
 .text.USART_GetFlagStatus
                0x0000000000002746        0xc ./Peripheral/src/ch32v30x_usart.o
                0x0000000000002746                USART_GetFlagStatus
 .text.Delay_Init
                0x0000000000002752       0x26 ./Debug/debug.o
                0x0000000000002752                Delay_Init
 .text.Delay_Ms
                0x0000000000002778       0x2c ./Debug/debug.o
                0x0000000000002778                Delay_Ms
 .text.USART_Printf_Init
                0x00000000000027a4       0x5a ./Debug/debug.o
                0x00000000000027a4                USART_Printf_Init
 .text._write   0x00000000000027fe       0x4c ./Debug/debug.o
                0x00000000000027fe                _write
 .text.__muldf3
                0x000000000000284a      0x4b8 d:/mounriver/mounriver_studio/toolchain/risc-v embedded gcc/bin/../lib/gcc/riscv-none-embed/8.2.0/rv32imac/ilp32\libgcc.a(muldf3.o)
                0x000000000000284a                __muldf3
 .text.__subdf3
                0x0000000000002d02      0x73c d:/mounriver/mounriver_studio/toolchain/risc-v embedded gcc/bin/../lib/gcc/riscv-none-embed/8.2.0/rv32imac/ilp32\libgcc.a(subdf3.o)
                0x0000000000002d02                __subdf3
 .text.__floatsidf
                0x000000000000343e       0x70 d:/mounriver/mounriver_studio/toolchain/risc-v embedded gcc/bin/../lib/gcc/riscv-none-embed/8.2.0/rv32imac/ilp32\libgcc.a(floatsidf.o)
                0x000000000000343e                __floatsidf
 .text.__fixsfsi
                0x00000000000034ae       0x62 d:/mounriver/mounriver_studio/toolchain/risc-v embedded gcc/bin/../lib/gcc/riscv-none-embed/8.2.0/rv32imac/ilp32\libgcc.a(fixsfsi.o)
                0x00000000000034ae                __fixsfsi
 .text.__truncdfsf2
                0x0000000000003510      0x16a d:/mounriver/mounriver_studio/toolchain/risc-v embedded gcc/bin/../lib/gcc/riscv-none-embed/8.2.0/rv32imac/ilp32\libgcc.a(truncdfsf2.o)
                0x0000000000003510                __truncdfsf2
 .text.__clzsi2
                0x000000000000367a       0x76 d:/mounriver/mounriver_studio/toolchain/risc-v embedded gcc/bin/../lib/gcc/riscv-none-embed/8.2.0/rv32imac/ilp32\libgcc.a(_clzsi2.o)
                0x000000000000367a                __clzsi2
 .text.__itoa   0x00000000000036f0       0x46 d:/mounriver/mounriver_studio/toolchain/risc-v embedded gcc/bin/../lib/gcc/riscv-none-embed/8.2.0/../../../../riscv-none-embed/lib/rv32imac/ilp32\libg_nano.a(lib_a-itoa.o)
                0x00000000000036f0                __itoa
 .text.itoa     0x0000000000003736        0x2 d:/mounriver/mounriver_studio/toolchain/risc-v embedded gcc/bin/../lib/gcc/riscv-none-embed/8.2.0/../../../../riscv-none-embed/lib/rv32imac/ilp32\libg_nano.a(lib_a-itoa.o)
                0x0000000000003736                itoa
 .text.printf   0x0000000000003738       0x40 d:/mounriver/mounriver_studio/toolchain/risc-v embedded gcc/bin/../lib/gcc/riscv-none-embed/8.2.0/../../../../riscv-none-embed/lib/rv32imac/ilp32\libg_nano.a(lib_a-printf.o)
                0x0000000000003738                iprintf
                0x0000000000003738                printf
 .text._puts_r  0x0000000000003778       0xda d:/mounriver/mounriver_studio/toolchain/risc-v embedded gcc/bin/../lib/gcc/riscv-none-embed/8.2.0/../../../../riscv-none-embed/lib/rv32imac/ilp32\libg_nano.a(lib_a-puts.o)
                0x0000000000003778                _puts_r
 .text.puts     0x0000000000003852        0xa d:/mounriver/mounriver_studio/toolchain/risc-v embedded gcc/bin/../lib/gcc/riscv-none-embed/8.2.0/../../../../riscv-none-embed/lib/rv32imac/ilp32\libg_nano.a(lib_a-puts.o)
                0x0000000000003852                puts
 .text.__utoa   0x000000000000385c       0x94 d:/mounriver/mounriver_studio/toolchain/risc-v embedded gcc/bin/../lib/gcc/riscv-none-embed/8.2.0/../../../../riscv-none-embed/lib/rv32imac/ilp32\libg_nano.a(lib_a-utoa.o)
                0x000000000000385c                __utoa
 .text._vsnprintf_r
                0x00000000000038f0       0x60 d:/mounriver/mounriver_studio/toolchain/risc-v embedded gcc/bin/../lib/gcc/riscv-none-embed/8.2.0/../../../../riscv-none-embed/lib/rv32imac/ilp32\libg_nano.a(lib_a-vsnprintf.o)
                0x00000000000038f0                _vsniprintf_r
                0x00000000000038f0                _vsnprintf_r
 .text.vsnprintf
                0x0000000000003950       0x10 d:/mounriver/mounriver_studio/toolchain/risc-v embedded gcc/bin/../lib/gcc/riscv-none-embed/8.2.0/../../../../riscv-none-embed/lib/rv32imac/ilp32\libg_nano.a(lib_a-vsnprintf.o)
                0x0000000000003950                vsniprintf
                0x0000000000003950                vsnprintf
 .text.__swbuf_r
                0x0000000000003960       0xc0 d:/mounriver/mounriver_studio/toolchain/risc-v embedded gcc/bin/../lib/gcc/riscv-none-embed/8.2.0/../../../../riscv-none-embed/lib/rv32imac/ilp32\libg_nano.a(lib_a-wbuf.o)
                0x0000000000003960                __swbuf_r
 .text.__swsetup_r
                0x0000000000003a20      0x10c d:/mounriver/mounriver_studio/toolchain/risc-v embedded gcc/bin/../lib/gcc/riscv-none-embed/8.2.0/../../../../riscv-none-embed/lib/rv32imac/ilp32\libg_nano.a(lib_a-wsetup.o)
                0x0000000000003a20                __swsetup_r
 .text.__sflush_r
                0x0000000000003b2c      0x13c d:/mounriver/mounriver_studio/toolchain/risc-v embedded gcc/bin/../lib/gcc/riscv-none-embed/8.2.0/../../../../riscv-none-embed/lib/rv32imac/ilp32\libg_nano.a(lib_a-fflush.o)
                0x0000000000003b2c                __sflush_r
 .text._fflush_r
                0x0000000000003c68       0x64 d:/mounriver/mounriver_studio/toolchain/risc-v embedded gcc/bin/../lib/gcc/riscv-none-embed/8.2.0/../../../../riscv-none-embed/lib/rv32imac/ilp32\libg_nano.a(lib_a-fflush.o)
                0x0000000000003c68                _fflush_r
 .text.std      0x0000000000003ccc       0x6a d:/mounriver/mounriver_studio/toolchain/risc-v embedded gcc/bin/../lib/gcc/riscv-none-embed/8.2.0/../../../../riscv-none-embed/lib/rv32imac/ilp32\libg_nano.a(lib_a-findfp.o)
 .text._cleanup_r
                0x0000000000003d36        0xa d:/mounriver/mounriver_studio/toolchain/risc-v embedded gcc/bin/../lib/gcc/riscv-none-embed/8.2.0/../../../../riscv-none-embed/lib/rv32imac/ilp32\libg_nano.a(lib_a-findfp.o)
                0x0000000000003d36                _cleanup_r
 .text.__sfmoreglue
                0x0000000000003d40       0x46 d:/mounriver/mounriver_studio/toolchain/risc-v embedded gcc/bin/../lib/gcc/riscv-none-embed/8.2.0/../../../../riscv-none-embed/lib/rv32imac/ilp32\libg_nano.a(lib_a-findfp.o)
                0x0000000000003d40                __sfmoreglue
 .text.__sinit  0x0000000000003d86       0x66 d:/mounriver/mounriver_studio/toolchain/risc-v embedded gcc/bin/../lib/gcc/riscv-none-embed/8.2.0/../../../../riscv-none-embed/lib/rv32imac/ilp32\libg_nano.a(lib_a-findfp.o)
                0x0000000000003d86                __sinit
 .text.__sfp    0x0000000000003dec       0x9c d:/mounriver/mounriver_studio/toolchain/risc-v embedded gcc/bin/../lib/gcc/riscv-none-embed/8.2.0/../../../../riscv-none-embed/lib/rv32imac/ilp32\libg_nano.a(lib_a-findfp.o)
                0x0000000000003dec                __sfp
 .text._fwalk_reent
                0x0000000000003e88       0x6c d:/mounriver/mounriver_studio/toolchain/risc-v embedded gcc/bin/../lib/gcc/riscv-none-embed/8.2.0/../../../../riscv-none-embed/lib/rv32imac/ilp32\libg_nano.a(lib_a-fwalk.o)
                0x0000000000003e88                _fwalk_reent
 .text.__swhatbuf_r
                0x0000000000003ef4       0x5a d:/mounriver/mounriver_studio/toolchain/risc-v embedded gcc/bin/../lib/gcc/riscv-none-embed/8.2.0/../../../../riscv-none-embed/lib/rv32imac/ilp32\libg_nano.a(lib_a-makebuf.o)
                0x0000000000003ef4                __swhatbuf_r
 .text.__smakebuf_r
                0x0000000000003f4e       0x9e d:/mounriver/mounriver_studio/toolchain/risc-v embedded gcc/bin/../lib/gcc/riscv-none-embed/8.2.0/../../../../riscv-none-embed/lib/rv32imac/ilp32\libg_nano.a(lib_a-makebuf.o)
                0x0000000000003f4e                __smakebuf_r
 .text.memcpy   0x0000000000003fec       0xb6 d:/mounriver/mounriver_studio/toolchain/risc-v embedded gcc/bin/../lib/gcc/riscv-none-embed/8.2.0/../../../../riscv-none-embed/lib/rv32imac/ilp32\libg_nano.a(lib_a-memcpy.o)
                0x0000000000003fec                memcpy
 .text._free_r  0x00000000000040a2       0xa8 d:/mounriver/mounriver_studio/toolchain/risc-v embedded gcc/bin/../lib/gcc/riscv-none-embed/8.2.0/../../../../riscv-none-embed/lib/rv32imac/ilp32\libg_nano.a(lib_a-nano-freer.o)
                0x00000000000040a2                _free_r
 .text._malloc_r
                0x000000000000414a       0xda d:/mounriver/mounriver_studio/toolchain/risc-v embedded gcc/bin/../lib/gcc/riscv-none-embed/8.2.0/../../../../riscv-none-embed/lib/rv32imac/ilp32\libg_nano.a(lib_a-nano-mallocr.o)
                0x000000000000414a                _malloc_r
 .text.__ssputs_r
                0x0000000000004224       0xec d:/mounriver/mounriver_studio/toolchain/risc-v embedded gcc/bin/../lib/gcc/riscv-none-embed/8.2.0/../../../../riscv-none-embed/lib/rv32imac/ilp32\libg_nano.a(lib_a-nano-svfprintf.o)
                0x0000000000004224                __ssputs_r
 .text._svfprintf_r
                0x0000000000004310      0x280 d:/mounriver/mounriver_studio/toolchain/risc-v embedded gcc/bin/../lib/gcc/riscv-none-embed/8.2.0/../../../../riscv-none-embed/lib/rv32imac/ilp32\libg_nano.a(lib_a-nano-svfprintf.o)
                0x0000000000004310                _svfiprintf_r
                0x0000000000004310                _svfprintf_r
 .text.__sfputc_r
                0x0000000000004590       0x2a d:/mounriver/mounriver_studio/toolchain/risc-v embedded gcc/bin/../lib/gcc/riscv-none-embed/8.2.0/../../../../riscv-none-embed/lib/rv32imac/ilp32\libg_nano.a(lib_a-nano-vfprintf.o)
 .text.__sfputs_r
                0x00000000000045ba       0x42 d:/mounriver/mounriver_studio/toolchain/risc-v embedded gcc/bin/../lib/gcc/riscv-none-embed/8.2.0/../../../../riscv-none-embed/lib/rv32imac/ilp32\libg_nano.a(lib_a-nano-vfprintf.o)
                0x00000000000045ba                __sfputs_r
 .text._vfprintf_r
                0x00000000000045fc      0x29a d:/mounriver/mounriver_studio/toolchain/risc-v embedded gcc/bin/../lib/gcc/riscv-none-embed/8.2.0/../../../../riscv-none-embed/lib/rv32imac/ilp32\libg_nano.a(lib_a-nano-vfprintf.o)
                0x00000000000045fc                _vfprintf_r
                0x00000000000045fc                _vfiprintf_r
 .text._printf_common
                0x0000000000004896      0x10c d:/mounriver/mounriver_studio/toolchain/risc-v embedded gcc/bin/../lib/gcc/riscv-none-embed/8.2.0/../../../../riscv-none-embed/lib/rv32imac/ilp32\libg_nano.a(lib_a-nano-vfprintf_i.o)
                0x0000000000004896                _printf_common
 .text._printf_i
                0x00000000000049a2      0x2aa d:/mounriver/mounriver_studio/toolchain/risc-v embedded gcc/bin/../lib/gcc/riscv-none-embed/8.2.0/../../../../riscv-none-embed/lib/rv32imac/ilp32\libg_nano.a(lib_a-nano-vfprintf_i.o)
                0x00000000000049a2                _printf_i
 .text._sbrk_r  0x0000000000004c4c       0x28 d:/mounriver/mounriver_studio/toolchain/risc-v embedded gcc/bin/../lib/gcc/riscv-none-embed/8.2.0/../../../../riscv-none-embed/lib/rv32imac/ilp32\libg_nano.a(lib_a-sbrkr.o)
                0x0000000000004c4c                _sbrk_r
 .text.__sread  0x0000000000004c74       0x30 d:/mounriver/mounriver_studio/toolchain/risc-v embedded gcc/bin/../lib/gcc/riscv-none-embed/8.2.0/../../../../riscv-none-embed/lib/rv32imac/ilp32\libg_nano.a(lib_a-stdio.o)
                0x0000000000004c74                __sread
 .text.__swrite
                0x0000000000004ca4       0x4e d:/mounriver/mounriver_studio/toolchain/risc-v embedded gcc/bin/../lib/gcc/riscv-none-embed/8.2.0/../../../../riscv-none-embed/lib/rv32imac/ilp32\libg_nano.a(lib_a-stdio.o)
                0x0000000000004ca4                __swrite
 .text.__sseek  0x0000000000004cf2       0x36 d:/mounriver/mounriver_studio/toolchain/risc-v embedded gcc/bin/../lib/gcc/riscv-none-embed/8.2.0/../../../../riscv-none-embed/lib/rv32imac/ilp32\libg_nano.a(lib_a-stdio.o)
                0x0000000000004cf2                __sseek
 .text.__sclose
                0x0000000000004d28        0x6 d:/mounriver/mounriver_studio/toolchain/risc-v embedded gcc/bin/../lib/gcc/riscv-none-embed/8.2.0/../../../../riscv-none-embed/lib/rv32imac/ilp32\libg_nano.a(lib_a-stdio.o)
                0x0000000000004d28                __sclose
 .text._write_r
                0x0000000000004d2e       0x2e d:/mounriver/mounriver_studio/toolchain/risc-v embedded gcc/bin/../lib/gcc/riscv-none-embed/8.2.0/../../../../riscv-none-embed/lib/rv32imac/ilp32\libg_nano.a(lib_a-writer.o)
                0x0000000000004d2e                _write_r
 .text._close_r
                0x0000000000004d5c       0x28 d:/mounriver/mounriver_studio/toolchain/risc-v embedded gcc/bin/../lib/gcc/riscv-none-embed/8.2.0/../../../../riscv-none-embed/lib/rv32imac/ilp32\libg_nano.a(lib_a-closer.o)
                0x0000000000004d5c                _close_r
 .text._fstat_r
                0x0000000000004d84       0x2a d:/mounriver/mounriver_studio/toolchain/risc-v embedded gcc/bin/../lib/gcc/riscv-none-embed/8.2.0/../../../../riscv-none-embed/lib/rv32imac/ilp32\libg_nano.a(lib_a-fstatr.o)
                0x0000000000004d84                _fstat_r
 .text._isatty_r
                0x0000000000004dae       0x28 d:/mounriver/mounriver_studio/toolchain/risc-v embedded gcc/bin/../lib/gcc/riscv-none-embed/8.2.0/../../../../riscv-none-embed/lib/rv32imac/ilp32\libg_nano.a(lib_a-isattyr.o)
                0x0000000000004dae                _isatty_r
 .text._lseek_r
                0x0000000000004dd6       0x2c d:/mounriver/mounriver_studio/toolchain/risc-v embedded gcc/bin/../lib/gcc/riscv-none-embed/8.2.0/../../../../riscv-none-embed/lib/rv32imac/ilp32\libg_nano.a(lib_a-lseekr.o)
                0x0000000000004dd6                _lseek_r
 .text.memchr   0x0000000000004e02       0x1a d:/mounriver/mounriver_studio/toolchain/risc-v embedded gcc/bin/../lib/gcc/riscv-none-embed/8.2.0/../../../../riscv-none-embed/lib/rv32imac/ilp32\libg_nano.a(lib_a-memchr.o)
                0x0000000000004e02                memchr
 .text.memmove  0x0000000000004e1c       0x4a d:/mounriver/mounriver_studio/toolchain/risc-v embedded gcc/bin/../lib/gcc/riscv-none-embed/8.2.0/../../../../riscv-none-embed/lib/rv32imac/ilp32\libg_nano.a(lib_a-memmove.o)
                0x0000000000004e1c                memmove
 .text.__malloc_lock
                0x0000000000004e66        0x2 d:/mounriver/mounriver_studio/toolchain/risc-v embedded gcc/bin/../lib/gcc/riscv-none-embed/8.2.0/../../../../riscv-none-embed/lib/rv32imac/ilp32\libg_nano.a(lib_a-mlock.o)
                0x0000000000004e66                __malloc_lock
 .text.__malloc_unlock
                0x0000000000004e68        0x2 d:/mounriver/mounriver_studio/toolchain/risc-v embedded gcc/bin/../lib/gcc/riscv-none-embed/8.2.0/../../../../riscv-none-embed/lib/rv32imac/ilp32\libg_nano.a(lib_a-mlock.o)
                0x0000000000004e68                __malloc_unlock
 .text._realloc_r
                0x0000000000004e6a       0x58 d:/mounriver/mounriver_studio/toolchain/risc-v embedded gcc/bin/../lib/gcc/riscv-none-embed/8.2.0/../../../../riscv-none-embed/lib/rv32imac/ilp32\libg_nano.a(lib_a-nano-reallocr.o)
                0x0000000000004e6a                _realloc_r
 .text._read_r  0x0000000000004ec2       0x2c d:/mounriver/mounriver_studio/toolchain/risc-v embedded gcc/bin/../lib/gcc/riscv-none-embed/8.2.0/../../../../riscv-none-embed/lib/rv32imac/ilp32\libg_nano.a(lib_a-readr.o)
                0x0000000000004ec2                _read_r
 .text._malloc_usable_size_r
                0x0000000000004eee       0x14 d:/mounriver/mounriver_studio/toolchain/risc-v embedded gcc/bin/../lib/gcc/riscv-none-embed/8.2.0/../../../../riscv-none-embed/lib/rv32imac/ilp32\libg_nano.a(lib_a-nano-msizer.o)
                0x0000000000004eee                _malloc_usable_size_r
 .text._close   0x0000000000004f02        0xc d:/mounriver/mounriver_studio/toolchain/risc-v embedded gcc/bin/../lib/gcc/riscv-none-embed/8.2.0/../../../../riscv-none-embed/lib/rv32imac/ilp32\libnosys.a(close.o)
                0x0000000000004f02                _close
 .text._fstat   0x0000000000004f0e        0xc d:/mounriver/mounriver_studio/toolchain/risc-v embedded gcc/bin/../lib/gcc/riscv-none-embed/8.2.0/../../../../riscv-none-embed/lib/rv32imac/ilp32\libnosys.a(fstat.o)
                0x0000000000004f0e                _fstat
 .text._isatty  0x0000000000004f1a        0xc d:/mounriver/mounriver_studio/toolchain/risc-v embedded gcc/bin/../lib/gcc/riscv-none-embed/8.2.0/../../../../riscv-none-embed/lib/rv32imac/ilp32\libnosys.a(isatty.o)
                0x0000000000004f1a                _isatty
 .text._lseek   0x0000000000004f26        0xc d:/mounriver/mounriver_studio/toolchain/risc-v embedded gcc/bin/../lib/gcc/riscv-none-embed/8.2.0/../../../../riscv-none-embed/lib/rv32imac/ilp32\libnosys.a(lseek.o)
                0x0000000000004f26                _lseek
 .text._read    0x0000000000004f32        0xc d:/mounriver/mounriver_studio/toolchain/risc-v embedded gcc/bin/../lib/gcc/riscv-none-embed/8.2.0/../../../../riscv-none-embed/lib/rv32imac/ilp32\libnosys.a(read.o)
                0x0000000000004f32                _read
 .text._sbrk    0x0000000000004f3e       0x20 d:/mounriver/mounriver_studio/toolchain/risc-v embedded gcc/bin/../lib/gcc/riscv-none-embed/8.2.0/../../../../riscv-none-embed/lib/rv32imac/ilp32\libnosys.a(sbrk.o)
                0x0000000000004f3e                _sbrk
 *(.rodata)
 *fill*         0x0000000000004f5e        0x2 
 .rodata        0x0000000000004f60      0x400 ./User/main.o
 *(.rodata*)
 .rodata.AHT10_Read_Humidity.cst8
                0x0000000000005360        0x8 ./User/AHT_10.o
 .rodata.AHT10_Read_Temperature.cst4
                0x0000000000005368        0x4 ./User/AHT_10.o
 *fill*         0x000000000000536c        0x4 
 .rodata.AHT10_Read_Temperature.cst8
                0x0000000000005370       0x18 ./User/AHT_10.o
 .rodata.asc2_1608
                0x0000000000005388      0x5e0 ./User/lcd.o
                0x0000000000005388                asc2_1608
 .rodata.asc2_2412
                0x0000000000005968     0x11a0 ./User/lcd.o
                0x0000000000005968                asc2_2412
 .rodata.asc2_3216
                0x0000000000006b08     0x1780 ./User/lcd.o
                0x0000000000006b08                asc2_3216
 .rodata.lcd_init.str1.4
                0x0000000000008288        0xa ./User/lcd.o
 *fill*         0x0000000000008292        0x2 
 .rodata.lcd_show_char.str1.4
                0x0000000000008294       0x4a ./User/lcd.o
 *fill*         0x00000000000082de        0x2 
 .rodata.lcd_show_string.str1.4
                0x00000000000082e0       0x1e ./User/lcd.o
 *fill*         0x00000000000082fe        0x2 
 .rodata.main.str1.4
                0x0000000000008300       0x5b ./User/main.o
 *fill*         0x000000000000835b        0x1 
 .rodata.test_sensor.str1.4
                0x000000000000835c       0xda ./User/main.o
 *fill*         0x0000000000008436        0x2 
 .rodata.__muldf3
                0x0000000000008438       0x40 d:/mounriver/mounriver_studio/toolchain/risc-v embedded gcc/bin/../lib/gcc/riscv-none-embed/8.2.0/rv32imac/ilp32\libgcc.a(muldf3.o)
 .rodata.__clz_tab
                0x0000000000008478      0x100 d:/mounriver/mounriver_studio/toolchain/risc-v embedded gcc/bin/../lib/gcc/riscv-none-embed/8.2.0/rv32imac/ilp32\libgcc.a(_clz.o)
                0x0000000000008478                __clz_tab
 .rodata.__utoa.str1.4
                0x0000000000008578       0x25 d:/mounriver/mounriver_studio/toolchain/risc-v embedded gcc/bin/../lib/gcc/riscv-none-embed/8.2.0/../../../../riscv-none-embed/lib/rv32imac/ilp32\libg_nano.a(lib_a-utoa.o)
 *fill*         0x000000000000859d        0x3 
 .rodata.__sf_fake_stderr
                0x00000000000085a0       0x20 d:/mounriver/mounriver_studio/toolchain/risc-v embedded gcc/bin/../lib/gcc/riscv-none-embed/8.2.0/../../../../riscv-none-embed/lib/rv32imac/ilp32\libg_nano.a(lib_a-findfp.o)
                0x00000000000085a0                __sf_fake_stderr
 .rodata.__sf_fake_stdin
                0x00000000000085c0       0x20 d:/mounriver/mounriver_studio/toolchain/risc-v embedded gcc/bin/../lib/gcc/riscv-none-embed/8.2.0/../../../../riscv-none-embed/lib/rv32imac/ilp32\libg_nano.a(lib_a-findfp.o)
                0x00000000000085c0                __sf_fake_stdin
 .rodata.__sf_fake_stdout
                0x00000000000085e0       0x20 d:/mounriver/mounriver_studio/toolchain/risc-v embedded gcc/bin/../lib/gcc/riscv-none-embed/8.2.0/../../../../riscv-none-embed/lib/rv32imac/ilp32\libg_nano.a(lib_a-findfp.o)
                0x00000000000085e0                __sf_fake_stdout
 .rodata._svfprintf_r.str1.4
                0x0000000000008600       0x13 d:/mounriver/mounriver_studio/toolchain/risc-v embedded gcc/bin/../lib/gcc/riscv-none-embed/8.2.0/../../../../riscv-none-embed/lib/rv32imac/ilp32\libg_nano.a(lib_a-nano-svfprintf.o)
 .rodata._vfprintf_r.str1.4
                0x0000000000008613       0x13 d:/mounriver/mounriver_studio/toolchain/risc-v embedded gcc/bin/../lib/gcc/riscv-none-embed/8.2.0/../../../../riscv-none-embed/lib/rv32imac/ilp32\libg_nano.a(lib_a-nano-vfprintf.o)
 *fill*         0x0000000000008613        0x1 
 .rodata._printf_i.str1.4
                0x0000000000008614       0x28 d:/mounriver/mounriver_studio/toolchain/risc-v embedded gcc/bin/../lib/gcc/riscv-none-embed/8.2.0/../../../../riscv-none-embed/lib/rv32imac/ilp32\libg_nano.a(lib_a-nano-vfprintf_i.o)
                                         0x25 (size before relaxing)
 *(.glue_7)
 *(.glue_7t)
 *(.gnu.linkonce.t.*)
                0x000000000000863c                . = ALIGN (0x4)

.rela.dyn       0x000000000000863c        0x0
 .rela.init     0x000000000000863c        0x0 ./User/AHT_10.o
 .rela.vector   0x000000000000863c        0x0 ./User/AHT_10.o
 .rela.text.handle_reset
                0x000000000000863c        0x0 ./User/AHT_10.o
 .rela.text._svfprintf_r
                0x000000000000863c        0x0 ./User/AHT_10.o
 .rela.text._vfprintf_r
                0x000000000000863c        0x0 ./User/AHT_10.o
 .rela.text._sbrk_r
                0x000000000000863c        0x0 ./User/AHT_10.o
 .rela.text._write_r
                0x000000000000863c        0x0 ./User/AHT_10.o
 .rela.text._close_r
                0x000000000000863c        0x0 ./User/AHT_10.o
 .rela.text._fstat_r
                0x000000000000863c        0x0 ./User/AHT_10.o
 .rela.text._isatty_r
                0x000000000000863c        0x0 ./User/AHT_10.o
 .rela.text._lseek_r
                0x000000000000863c        0x0 ./User/AHT_10.o
 .rela.text._read_r
                0x000000000000863c        0x0 ./User/AHT_10.o
 .rela.text._close
                0x000000000000863c        0x0 ./User/AHT_10.o
 .rela.text._fstat
                0x000000000000863c        0x0 ./User/AHT_10.o
 .rela.text._isatty
                0x000000000000863c        0x0 ./User/AHT_10.o
 .rela.text._lseek
                0x000000000000863c        0x0 ./User/AHT_10.o
 .rela.text._read
                0x000000000000863c        0x0 ./User/AHT_10.o
 .rela.text._sbrk
                0x000000000000863c        0x0 ./User/AHT_10.o

.fini           0x000000000000863c        0x0
 *(SORT_NONE(.fini))
                0x000000000000863c                . = ALIGN (0x4)
                [!provide]                        PROVIDE (_etext = .)
                [!provide]                        PROVIDE (_eitcm = .)

.preinit_array  0x000000000000863c        0x0
                [!provide]                        PROVIDE (__preinit_array_start = .)
 *(.preinit_array)
                [!provide]                        PROVIDE (__preinit_array_end = .)

.init_array     0x000000000000863c        0x0
                [!provide]                        PROVIDE (__init_array_start = .)
 *(SORT_BY_INIT_PRIORITY(.init_array.*) SORT_BY_INIT_PRIORITY(.ctors.*))
 *(.init_array EXCLUDE_FILE(*crtend?.o *crtend.o *crtbegin?.o *crtbegin.o) .ctors)
                [!provide]                        PROVIDE (__init_array_end = .)

.fini_array     0x000000000000863c        0x0
                [!provide]                        PROVIDE (__fini_array_start = .)
 *(SORT_BY_INIT_PRIORITY(.fini_array.*) SORT_BY_INIT_PRIORITY(.dtors.*))
 *(.fini_array EXCLUDE_FILE(*crtend?.o *crtend.o *crtbegin?.o *crtbegin.o) .dtors)
                [!provide]                        PROVIDE (__fini_array_end = .)

.ctors
 *crtbegin.o(.ctors)
 *crtbegin?.o(.ctors)
 *(EXCLUDE_FILE(*crtend?.o *crtend.o) .ctors)
 *(SORT_BY_NAME(.ctors.*))
 *(.ctors)

.dtors
 *crtbegin.o(.dtors)
 *crtbegin?.o(.dtors)
 *(EXCLUDE_FILE(*crtend?.o *crtend.o) .dtors)
 *(SORT_BY_NAME(.dtors.*))
 *(.dtors)

.dalign         0x0000000020000000        0x0 load address 0x000000000000863c
                0x0000000020000000                . = ALIGN (0x4)
                0x0000000020000000                PROVIDE (_data_vma = .)

.dlalign        0x000000000000863c        0x0
                0x000000000000863c                . = ALIGN (0x4)
                0x000000000000863c                PROVIDE (_data_lma = .)

.data           0x0000000020000000       0x88 load address 0x000000000000863c
 *(.gnu.linkonce.r.*)
 *(.data .data.*)
 .data.APBAHBPrescTable
                0x0000000020000000       0x10 ./Peripheral/src/ch32v30x_rcc.o
 .data.impure_data
                0x0000000020000010       0x60 d:/mounriver/mounriver_studio/toolchain/risc-v embedded gcc/bin/../lib/gcc/riscv-none-embed/8.2.0/../../../../riscv-none-embed/lib/rv32imac/ilp32\libg_nano.a(lib_a-impure.o)
 *(.gnu.linkonce.d.*)
                0x0000000020000070                . = ALIGN (0x8)
                0x0000000020000870                PROVIDE (__global_pointer$ = (. + 0x800))
 *(.sdata .sdata.*)
 .sdata.FORE_COLOR
                0x0000000020000070        0x2 ./User/lcd.o
                0x0000000020000070                FORE_COLOR
 *fill*         0x0000000020000072        0x2 
 .sdata.TxBuffer
                0x0000000020000074        0x2 ./User/main.o
                0x0000000020000074                TxBuffer
 *fill*         0x0000000020000076        0x2 
 .sdata.SystemCoreClock
                0x0000000020000078        0x4 ./User/system_ch32v30x.o
                0x0000000020000078                SystemCoreClock
 .sdata.ADCPrescTable
                0x000000002000007c        0x4 ./Peripheral/src/ch32v30x_rcc.o
 .sdata._impure_ptr
                0x0000000020000080        0x4 d:/mounriver/mounriver_studio/toolchain/risc-v embedded gcc/bin/../lib/gcc/riscv-none-embed/8.2.0/../../../../riscv-none-embed/lib/rv32imac/ilp32\libg_nano.a(lib_a-impure.o)
                0x0000000020000080                _impure_ptr
 *(.sdata2.*)
 .sdata2._global_impure_ptr
                0x0000000020000084        0x4 d:/mounriver/mounriver_studio/toolchain/risc-v embedded gcc/bin/../lib/gcc/riscv-none-embed/8.2.0/../../../../riscv-none-embed/lib/rv32imac/ilp32\libg_nano.a(lib_a-impure.o)
                0x0000000020000084                _global_impure_ptr
 *(.gnu.linkonce.s.*)
                0x0000000020000088                . = ALIGN (0x8)
 *(.srodata.cst16)
 *(.srodata.cst8)
 *(.srodata.cst4)
 *(.srodata.cst2)
 *(.srodata .srodata.*)
                0x0000000020000088                . = ALIGN (0x4)
                0x0000000020000088                PROVIDE (_edata = .)

.bss            0x0000000020000088      0x41c load address 0x00000000000086c4
                0x0000000020000088                . = ALIGN (0x4)
                0x0000000020000088                PROVIDE (_sbss = .)
 *(.sbss*)
 .sbss.BACK_COLOR
                0x0000000020000088        0x2 ./User/lcd.o
                0x0000000020000088                BACK_COLOR
 .sbss.rxBufferReadPos
                0x000000002000008a        0x2 ./User/main.o
                0x000000002000008a                rxBufferReadPos
 .sbss.NVIC_Priority_Group
                0x000000002000008c        0x4 ./Peripheral/src/ch32v30x_misc.o
                0x000000002000008c                NVIC_Priority_Group
 .sbss.p_ms     0x0000000020000090        0x2 ./Debug/debug.o
 .sbss.p_us     0x0000000020000092        0x1 ./Debug/debug.o
 *fill*         0x0000000020000093        0x1 
 .sbss.__malloc_free_list
                0x0000000020000094        0x4 d:/mounriver/mounriver_studio/toolchain/risc-v embedded gcc/bin/../lib/gcc/riscv-none-embed/8.2.0/../../../../riscv-none-embed/lib/rv32imac/ilp32\libg_nano.a(lib_a-nano-mallocr.o)
                0x0000000020000094                __malloc_free_list
 .sbss.__malloc_sbrk_start
                0x0000000020000098        0x4 d:/mounriver/mounriver_studio/toolchain/risc-v embedded gcc/bin/../lib/gcc/riscv-none-embed/8.2.0/../../../../riscv-none-embed/lib/rv32imac/ilp32\libg_nano.a(lib_a-nano-mallocr.o)
                0x0000000020000098                __malloc_sbrk_start
 .sbss.heap_end.1518
                0x000000002000009c        0x4 d:/mounriver/mounriver_studio/toolchain/risc-v embedded gcc/bin/../lib/gcc/riscv-none-embed/8.2.0/../../../../riscv-none-embed/lib/rv32imac/ilp32\libnosys.a(sbrk.o)
 *(.gnu.linkonce.sb.*)
 *(.bss*)
 .bss.RxBuffer  0x00000000200000a0      0x400 ./User/main.o
                0x00000000200000a0                RxBuffer
 *(.gnu.linkonce.b.*)
 *(COMMON*)
 COMMON         0x00000000200004a0        0x4 d:/mounriver/mounriver_studio/toolchain/risc-v embedded gcc/bin/../lib/gcc/riscv-none-embed/8.2.0/../../../../riscv-none-embed/lib/rv32imac/ilp32\libg_nano.a(lib_a-reent.o)
                0x00000000200004a0                errno
                0x00000000200004a4                . = ALIGN (0x4)
                0x00000000200004a4                PROVIDE (_ebss = .)
                [!provide]                        PROVIDE (_end = _ebss)
                0x00000000200004a4                PROVIDE (end = .)

.stack          0x000000002001f800      0x800
                0x000000002001f800                . = ALIGN (0x4)
                [!provide]                        PROVIDE (_susrstack = .)
                0x0000000020020000                . = (. + __stack_size)
 *fill*         0x000000002001f800      0x800 
                0x0000000020020000                PROVIDE (_eusrstack = .)
OUTPUT(Integrated_Test.elf elf32-littleriscv)

.debug_info     0x0000000000000000    0x1645d
 .debug_info    0x0000000000000000     0x1134 ./User/AHT_10.o
 .debug_info    0x0000000000001134      0xff5 ./User/AP3216C.o
 .debug_info    0x0000000000002129      0xd8c ./User/IIC.o
 .debug_info    0x0000000000002eb5     0x16d8 ./User/MPU6050.o
 .debug_info    0x000000000000458d      0x962 ./User/ch32v30x_it.o
 .debug_info    0x0000000000004eef     0x29ea ./User/lcd.o
 .debug_info    0x00000000000078d9     0x29a1 ./User/main.o
 .debug_info    0x000000000000a27a      0xc0a ./User/system_ch32v30x.o
 .debug_info    0x000000000000ae84       0x22 ./Startup/startup_ch32v30x.o
 .debug_info    0x000000000000aea6      0xd13 ./Peripheral/src/ch32v30x_dma.o
 .debug_info    0x000000000000bbb9     0x1209 ./Peripheral/src/ch32v30x_fsmc.o
 .debug_info    0x000000000000cdc2     0x10c3 ./Peripheral/src/ch32v30x_gpio.o
 .debug_info    0x000000000000de85     0x147e ./Peripheral/src/ch32v30x_i2c.o
 .debug_info    0x000000000000f303      0xf6a ./Peripheral/src/ch32v30x_misc.o
 .debug_info    0x000000000001026d     0x1557 ./Peripheral/src/ch32v30x_rcc.o
 .debug_info    0x00000000000117c4     0x2a18 ./Peripheral/src/ch32v30x_tim.o
 .debug_info    0x00000000000141dc     0x13d1 ./Peripheral/src/ch32v30x_usart.o
 .debug_info    0x00000000000155ad      0xeb0 ./Debug/debug.o

.debug_abbrev   0x0000000000000000     0x373f
 .debug_abbrev  0x0000000000000000      0x34c ./User/AHT_10.o
 .debug_abbrev  0x000000000000034c      0x340 ./User/AP3216C.o
 .debug_abbrev  0x000000000000068c      0x280 ./User/IIC.o
 .debug_abbrev  0x000000000000090c      0x392 ./User/MPU6050.o
 .debug_abbrev  0x0000000000000c9e      0x1cf ./User/ch32v30x_it.o
 .debug_abbrev  0x0000000000000e6d      0x494 ./User/lcd.o
 .debug_abbrev  0x0000000000001301      0x465 ./User/main.o
 .debug_abbrev  0x0000000000001766      0x2c0 ./User/system_ch32v30x.o
 .debug_abbrev  0x0000000000001a26       0x12 ./Startup/startup_ch32v30x.o
 .debug_abbrev  0x0000000000001a38      0x2fd ./Peripheral/src/ch32v30x_dma.o
 .debug_abbrev  0x0000000000001d35      0x2e2 ./Peripheral/src/ch32v30x_fsmc.o
 .debug_abbrev  0x0000000000002017      0x31a ./Peripheral/src/ch32v30x_gpio.o
 .debug_abbrev  0x0000000000002331      0x3aa ./Peripheral/src/ch32v30x_i2c.o
 .debug_abbrev  0x00000000000026db      0x2d9 ./Peripheral/src/ch32v30x_misc.o
 .debug_abbrev  0x00000000000029b4      0x351 ./Peripheral/src/ch32v30x_rcc.o
 .debug_abbrev  0x0000000000002d05      0x421 ./Peripheral/src/ch32v30x_tim.o
 .debug_abbrev  0x0000000000003126      0x325 ./Peripheral/src/ch32v30x_usart.o
 .debug_abbrev  0x000000000000344b      0x2f4 ./Debug/debug.o

.debug_loc      0x0000000000000000     0x651e
 .debug_loc     0x0000000000000000      0x24c ./User/AHT_10.o
 .debug_loc     0x000000000000024c      0x15d ./User/AP3216C.o
 .debug_loc     0x00000000000003a9       0x4d ./User/IIC.o
 .debug_loc     0x00000000000003f6      0x4cd ./User/MPU6050.o
 .debug_loc     0x00000000000008c3     0x158c ./User/lcd.o
 .debug_loc     0x0000000000001e4f      0x3b2 ./User/main.o
 .debug_loc     0x0000000000002201      0x11a ./User/system_ch32v30x.o
 .debug_loc     0x000000000000231b      0x19a ./Peripheral/src/ch32v30x_dma.o
 .debug_loc     0x00000000000024b5      0x392 ./Peripheral/src/ch32v30x_fsmc.o
 .debug_loc     0x0000000000002847      0x647 ./Peripheral/src/ch32v30x_gpio.o
 .debug_loc     0x0000000000002e8e      0x726 ./Peripheral/src/ch32v30x_i2c.o
 .debug_loc     0x00000000000035b4       0xce ./Peripheral/src/ch32v30x_misc.o
 .debug_loc     0x0000000000003682      0xa5c ./Peripheral/src/ch32v30x_rcc.o
 .debug_loc     0x00000000000040de     0x1b0c ./Peripheral/src/ch32v30x_tim.o
 .debug_loc     0x0000000000005bea      0x7ad ./Peripheral/src/ch32v30x_usart.o
 .debug_loc     0x0000000000006397      0x187 ./Debug/debug.o

.debug_aranges  0x0000000000000000      0xbf0
 .debug_aranges
                0x0000000000000000       0x48 ./User/AHT_10.o
 .debug_aranges
                0x0000000000000048       0x38 ./User/AP3216C.o
 .debug_aranges
                0x0000000000000080       0x20 ./User/IIC.o
 .debug_aranges
                0x00000000000000a0       0x78 ./User/MPU6050.o
 .debug_aranges
                0x0000000000000118       0x28 ./User/ch32v30x_it.o
 .debug_aranges
                0x0000000000000140       0xf0 ./User/lcd.o
 .debug_aranges
                0x0000000000000230       0xc0 ./User/main.o
 .debug_aranges
                0x00000000000002f0       0x28 ./User/system_ch32v30x.o
 .debug_aranges
                0x0000000000000318       0x30 ./Startup/startup_ch32v30x.o
 .debug_aranges
                0x0000000000000348       0x60 ./Peripheral/src/ch32v30x_dma.o
 .debug_aranges
                0x00000000000003a8       0xb0 ./Peripheral/src/ch32v30x_fsmc.o
 .debug_aranges
                0x0000000000000458       0xa8 ./Peripheral/src/ch32v30x_gpio.o
 .debug_aranges
                0x0000000000000500      0x110 ./Peripheral/src/ch32v30x_i2c.o
 .debug_aranges
                0x0000000000000610       0x28 ./Peripheral/src/ch32v30x_misc.o
 .debug_aranges
                0x0000000000000638      0x1a8 ./Peripheral/src/ch32v30x_rcc.o
 .debug_aranges
                0x00000000000007e0      0x2d0 ./Peripheral/src/ch32v30x_tim.o
 .debug_aranges
                0x0000000000000ab0      0x100 ./Peripheral/src/ch32v30x_usart.o
 .debug_aranges
                0x0000000000000bb0       0x40 ./Debug/debug.o

.debug_ranges   0x0000000000000000      0xca8
 .debug_ranges  0x0000000000000000       0x58 ./User/AHT_10.o
 .debug_ranges  0x0000000000000058       0x58 ./User/AP3216C.o
 .debug_ranges  0x00000000000000b0       0x10 ./User/IIC.o
 .debug_ranges  0x00000000000000c0       0xa0 ./User/MPU6050.o
 .debug_ranges  0x0000000000000160       0x18 ./User/ch32v30x_it.o
 .debug_ranges  0x0000000000000178      0x160 ./User/lcd.o
 .debug_ranges  0x00000000000002d8       0xe0 ./User/main.o
 .debug_ranges  0x00000000000003b8       0x38 ./User/system_ch32v30x.o
 .debug_ranges  0x00000000000003f0       0x28 ./Startup/startup_ch32v30x.o
 .debug_ranges  0x0000000000000418       0x50 ./Peripheral/src/ch32v30x_dma.o
 .debug_ranges  0x0000000000000468       0xa0 ./Peripheral/src/ch32v30x_fsmc.o
 .debug_ranges  0x0000000000000508       0x98 ./Peripheral/src/ch32v30x_gpio.o
 .debug_ranges  0x00000000000005a0      0x100 ./Peripheral/src/ch32v30x_i2c.o
 .debug_ranges  0x00000000000006a0       0x48 ./Peripheral/src/ch32v30x_misc.o
 .debug_ranges  0x00000000000006e8      0x198 ./Peripheral/src/ch32v30x_rcc.o
 .debug_ranges  0x0000000000000880      0x308 ./Peripheral/src/ch32v30x_tim.o
 .debug_ranges  0x0000000000000b88       0xf0 ./Peripheral/src/ch32v30x_usart.o
 .debug_ranges  0x0000000000000c78       0x30 ./Debug/debug.o

.debug_line     0x0000000000000000    0x11e3f
 .debug_line    0x0000000000000000      0xa58 ./User/AHT_10.o
 .debug_line    0x0000000000000a58      0x883 ./User/AP3216C.o
 .debug_line    0x00000000000012db      0x469 ./User/IIC.o
 .debug_line    0x0000000000001744     0x100b ./User/MPU6050.o
 .debug_line    0x000000000000274f      0x23d ./User/ch32v30x_it.o
 .debug_line    0x000000000000298c     0x2351 ./User/lcd.o
 .debug_line    0x0000000000004cdd     0x2013 ./User/main.o
 .debug_line    0x0000000000006cf0      0x80b ./User/system_ch32v30x.o
 .debug_line    0x00000000000074fb      0x38f ./Startup/startup_ch32v30x.o
 .debug_line    0x000000000000788a      0xa24 ./Peripheral/src/ch32v30x_dma.o
 .debug_line    0x00000000000082ae     0x1371 ./Peripheral/src/ch32v30x_fsmc.o
 .debug_line    0x000000000000961f      0xda0 ./Peripheral/src/ch32v30x_gpio.o
 .debug_line    0x000000000000a3bf     0x11b8 ./Peripheral/src/ch32v30x_i2c.o
 .debug_line    0x000000000000b577      0x525 ./Peripheral/src/ch32v30x_misc.o
 .debug_line    0x000000000000ba9c     0x1808 ./Peripheral/src/ch32v30x_rcc.o
 .debug_line    0x000000000000d2a4     0x3466 ./Peripheral/src/ch32v30x_tim.o
 .debug_line    0x000000000001070a     0x109c ./Peripheral/src/ch32v30x_usart.o
 .debug_line    0x00000000000117a6      0x699 ./Debug/debug.o

.debug_str      0x0000000000000000     0x3cf3
 .debug_str     0x0000000000000000      0x6fe ./User/AHT_10.o
                                        0x797 (size before relaxing)
 .debug_str     0x00000000000006fe       0x59 ./User/AP3216C.o
                                        0x759 (size before relaxing)
 .debug_str     0x0000000000000757      0x21b ./User/IIC.o
                                        0x885 (size before relaxing)
 .debug_str     0x0000000000000972       0xd7 ./User/MPU6050.o
                                        0x7e2 (size before relaxing)
 .debug_str     0x0000000000000a49       0x34 ./User/ch32v30x_it.o
                                        0x5b9 (size before relaxing)
 .debug_str     0x0000000000000a7d      0x79c ./User/lcd.o
                                        0xf5d (size before relaxing)
 .debug_str     0x0000000000001219      0x51e ./User/main.o
                                        0xdf1 (size before relaxing)
 .debug_str     0x0000000000001737      0x11d ./User/system_ch32v30x.o
                                        0x6f1 (size before relaxing)
 .debug_str     0x0000000000001854       0x61 ./Startup/startup_ch32v30x.o
                                         0xab (size before relaxing)
 .debug_str     0x00000000000018b5      0x118 ./Peripheral/src/ch32v30x_dma.o
                                        0x82d (size before relaxing)
 .debug_str     0x00000000000019cd      0x3e6 ./Peripheral/src/ch32v30x_fsmc.o
                                        0xbe2 (size before relaxing)
 .debug_str     0x0000000000001db3      0x23f ./Peripheral/src/ch32v30x_gpio.o
                                        0x9ab (size before relaxing)
 .debug_str     0x0000000000001ff2      0x366 ./Peripheral/src/ch32v30x_i2c.o
                                        0xb1a (size before relaxing)
 .debug_str     0x0000000000002358      0x6d3 ./Peripheral/src/ch32v30x_misc.o
                                        0xd05 (size before relaxing)
 .debug_str     0x0000000000002a2b      0x544 ./Peripheral/src/ch32v30x_rcc.o
                                        0xcfb (size before relaxing)
 .debug_str     0x0000000000002f6f      0x973 ./Peripheral/src/ch32v30x_tim.o
                                       0x12b5 (size before relaxing)
 .debug_str     0x00000000000038e2      0x39e ./Peripheral/src/ch32v30x_usart.o
                                        0xb51 (size before relaxing)
 .debug_str     0x0000000000003c80       0x73 ./Debug/debug.o
                                        0x90e (size before relaxing)

.comment        0x0000000000000000       0x33
 .comment       0x0000000000000000       0x33 ./User/AHT_10.o
                                         0x34 (size before relaxing)
 .comment       0x0000000000000033       0x34 ./User/AP3216C.o
 .comment       0x0000000000000033       0x34 ./User/IIC.o
 .comment       0x0000000000000033       0x34 ./User/MPU6050.o
 .comment       0x0000000000000033       0x34 ./User/ch32v30x_it.o
 .comment       0x0000000000000033       0x34 ./User/lcd.o
 .comment       0x0000000000000033       0x34 ./User/main.o
 .comment       0x0000000000000033       0x34 ./User/system_ch32v30x.o
 .comment       0x0000000000000033       0x34 ./Peripheral/src/ch32v30x_dma.o
 .comment       0x0000000000000033       0x34 ./Peripheral/src/ch32v30x_fsmc.o
 .comment       0x0000000000000033       0x34 ./Peripheral/src/ch32v30x_gpio.o
 .comment       0x0000000000000033       0x34 ./Peripheral/src/ch32v30x_i2c.o
 .comment       0x0000000000000033       0x34 ./Peripheral/src/ch32v30x_misc.o
 .comment       0x0000000000000033       0x34 ./Peripheral/src/ch32v30x_rcc.o
 .comment       0x0000000000000033       0x34 ./Peripheral/src/ch32v30x_tim.o
 .comment       0x0000000000000033       0x34 ./Peripheral/src/ch32v30x_usart.o
 .comment       0x0000000000000033       0x34 ./Debug/debug.o

.debug_frame    0x0000000000000000     0x2a2c
 .debug_frame   0x0000000000000000      0x120 ./User/AHT_10.o
 .debug_frame   0x0000000000000120       0xbc ./User/AP3216C.o
 .debug_frame   0x00000000000001dc       0x48 ./User/IIC.o
 .debug_frame   0x0000000000000224      0x1d0 ./User/MPU6050.o
 .debug_frame   0x00000000000003f4       0x30 ./User/ch32v30x_it.o
 .debug_frame   0x0000000000000424      0x3dc ./User/lcd.o
 .debug_frame   0x0000000000000800      0x308 ./User/main.o
 .debug_frame   0x0000000000000b08       0x3c ./User/system_ch32v30x.o
 .debug_frame   0x0000000000000b44       0xc0 ./Peripheral/src/ch32v30x_dma.o
 .debug_frame   0x0000000000000c04      0x140 ./Peripheral/src/ch32v30x_fsmc.o
 .debug_frame   0x0000000000000d44      0x150 ./Peripheral/src/ch32v30x_gpio.o
 .debug_frame   0x0000000000000e94      0x25c ./Peripheral/src/ch32v30x_i2c.o
 .debug_frame   0x00000000000010f0       0x30 ./Peripheral/src/ch32v30x_misc.o
 .debug_frame   0x0000000000001120      0x340 ./Peripheral/src/ch32v30x_rcc.o
 .debug_frame   0x0000000000001460      0x66c ./Peripheral/src/ch32v30x_tim.o
 .debug_frame   0x0000000000001acc      0x210 ./Peripheral/src/ch32v30x_usart.o
 .debug_frame   0x0000000000001cdc       0x94 ./Debug/debug.o
 .debug_frame   0x0000000000001d70       0x54 d:/mounriver/mounriver_studio/toolchain/risc-v embedded gcc/bin/../lib/gcc/riscv-none-embed/8.2.0/rv32imac/ilp32\libgcc.a(muldf3.o)
 .debug_frame   0x0000000000001dc4       0x44 d:/mounriver/mounriver_studio/toolchain/risc-v embedded gcc/bin/../lib/gcc/riscv-none-embed/8.2.0/rv32imac/ilp32\libgcc.a(subdf3.o)
 .debug_frame   0x0000000000001e08       0x38 d:/mounriver/mounriver_studio/toolchain/risc-v embedded gcc/bin/../lib/gcc/riscv-none-embed/8.2.0/rv32imac/ilp32\libgcc.a(floatsidf.o)
 .debug_frame   0x0000000000001e40       0x20 d:/mounriver/mounriver_studio/toolchain/risc-v embedded gcc/bin/../lib/gcc/riscv-none-embed/8.2.0/rv32imac/ilp32\libgcc.a(fixsfsi.o)
 .debug_frame   0x0000000000001e60       0x20 d:/mounriver/mounriver_studio/toolchain/risc-v embedded gcc/bin/../lib/gcc/riscv-none-embed/8.2.0/rv32imac/ilp32\libgcc.a(truncdfsf2.o)
 .debug_frame   0x0000000000001e80       0x20 d:/mounriver/mounriver_studio/toolchain/risc-v embedded gcc/bin/../lib/gcc/riscv-none-embed/8.2.0/rv32imac/ilp32\libgcc.a(_clzsi2.o)
 .debug_frame   0x0000000000001ea0       0x44 d:/mounriver/mounriver_studio/toolchain/risc-v embedded gcc/bin/../lib/gcc/riscv-none-embed/8.2.0/../../../../riscv-none-embed/lib/rv32imac/ilp32\libg_nano.a(lib_a-itoa.o)
 .debug_frame   0x0000000000001ee4       0x54 d:/mounriver/mounriver_studio/toolchain/risc-v embedded gcc/bin/../lib/gcc/riscv-none-embed/8.2.0/../../../../riscv-none-embed/lib/rv32imac/ilp32\libg_nano.a(lib_a-printf.o)
 .debug_frame   0x0000000000001f38       0x54 d:/mounriver/mounriver_studio/toolchain/risc-v embedded gcc/bin/../lib/gcc/riscv-none-embed/8.2.0/../../../../riscv-none-embed/lib/rv32imac/ilp32\libg_nano.a(lib_a-puts.o)
 .debug_frame   0x0000000000001f8c       0x4c d:/mounriver/mounriver_studio/toolchain/risc-v embedded gcc/bin/../lib/gcc/riscv-none-embed/8.2.0/../../../../riscv-none-embed/lib/rv32imac/ilp32\libg_nano.a(lib_a-utoa.o)
 .debug_frame   0x0000000000001fd8       0x48 d:/mounriver/mounriver_studio/toolchain/risc-v embedded gcc/bin/../lib/gcc/riscv-none-embed/8.2.0/../../../../riscv-none-embed/lib/rv32imac/ilp32\libg_nano.a(lib_a-vsnprintf.o)
 .debug_frame   0x0000000000002020       0x50 d:/mounriver/mounriver_studio/toolchain/risc-v embedded gcc/bin/../lib/gcc/riscv-none-embed/8.2.0/../../../../riscv-none-embed/lib/rv32imac/ilp32\libg_nano.a(lib_a-wbuf.o)
 .debug_frame   0x0000000000002070       0x3c d:/mounriver/mounriver_studio/toolchain/risc-v embedded gcc/bin/../lib/gcc/riscv-none-embed/8.2.0/../../../../riscv-none-embed/lib/rv32imac/ilp32\libg_nano.a(lib_a-wsetup.o)
 .debug_frame   0x00000000000020ac       0x7c d:/mounriver/mounriver_studio/toolchain/risc-v embedded gcc/bin/../lib/gcc/riscv-none-embed/8.2.0/../../../../riscv-none-embed/lib/rv32imac/ilp32\libg_nano.a(lib_a-fflush.o)
 .debug_frame   0x0000000000002128      0x148 d:/mounriver/mounriver_studio/toolchain/risc-v embedded gcc/bin/../lib/gcc/riscv-none-embed/8.2.0/../../../../riscv-none-embed/lib/rv32imac/ilp32\libg_nano.a(lib_a-findfp.o)
 .debug_frame   0x0000000000002270       0x88 d:/mounriver/mounriver_studio/toolchain/risc-v embedded gcc/bin/../lib/gcc/riscv-none-embed/8.2.0/../../../../riscv-none-embed/lib/rv32imac/ilp32\libg_nano.a(lib_a-fwalk.o)
 .debug_frame   0x00000000000022f8       0x64 d:/mounriver/mounriver_studio/toolchain/risc-v embedded gcc/bin/../lib/gcc/riscv-none-embed/8.2.0/../../../../riscv-none-embed/lib/rv32imac/ilp32\libg_nano.a(lib_a-makebuf.o)
 .debug_frame   0x000000000000235c       0x20 d:/mounriver/mounriver_studio/toolchain/risc-v embedded gcc/bin/../lib/gcc/riscv-none-embed/8.2.0/../../../../riscv-none-embed/lib/rv32imac/ilp32\libg_nano.a(lib_a-memcpy.o)
 .debug_frame   0x000000000000237c       0x40 d:/mounriver/mounriver_studio/toolchain/risc-v embedded gcc/bin/../lib/gcc/riscv-none-embed/8.2.0/../../../../riscv-none-embed/lib/rv32imac/ilp32\libg_nano.a(lib_a-nano-freer.o)
 .debug_frame   0x00000000000023bc       0x40 d:/mounriver/mounriver_studio/toolchain/risc-v embedded gcc/bin/../lib/gcc/riscv-none-embed/8.2.0/../../../../riscv-none-embed/lib/rv32imac/ilp32\libg_nano.a(lib_a-nano-mallocr.o)
 .debug_frame   0x00000000000023fc       0xe0 d:/mounriver/mounriver_studio/toolchain/risc-v embedded gcc/bin/../lib/gcc/riscv-none-embed/8.2.0/../../../../riscv-none-embed/lib/rv32imac/ilp32\libg_nano.a(lib_a-nano-svfprintf.o)
 .debug_frame   0x00000000000024dc       0xd0 d:/mounriver/mounriver_studio/toolchain/risc-v embedded gcc/bin/../lib/gcc/riscv-none-embed/8.2.0/../../../../riscv-none-embed/lib/rv32imac/ilp32\libg_nano.a(lib_a-nano-vfprintf.o)
 .debug_frame   0x00000000000025ac       0x8c d:/mounriver/mounriver_studio/toolchain/risc-v embedded gcc/bin/../lib/gcc/riscv-none-embed/8.2.0/../../../../riscv-none-embed/lib/rv32imac/ilp32\libg_nano.a(lib_a-nano-vfprintf_i.o)
 .debug_frame   0x0000000000002638       0x30 d:/mounriver/mounriver_studio/toolchain/risc-v embedded gcc/bin/../lib/gcc/riscv-none-embed/8.2.0/../../../../riscv-none-embed/lib/rv32imac/ilp32\libg_nano.a(lib_a-sbrkr.o)
 .debug_frame   0x0000000000002668       0xa4 d:/mounriver/mounriver_studio/toolchain/risc-v embedded gcc/bin/../lib/gcc/riscv-none-embed/8.2.0/../../../../riscv-none-embed/lib/rv32imac/ilp32\libg_nano.a(lib_a-stdio.o)
 .debug_frame   0x000000000000270c       0x30 d:/mounriver/mounriver_studio/toolchain/risc-v embedded gcc/bin/../lib/gcc/riscv-none-embed/8.2.0/../../../../riscv-none-embed/lib/rv32imac/ilp32\libg_nano.a(lib_a-writer.o)
 .debug_frame   0x000000000000273c       0x30 d:/mounriver/mounriver_studio/toolchain/risc-v embedded gcc/bin/../lib/gcc/riscv-none-embed/8.2.0/../../../../riscv-none-embed/lib/rv32imac/ilp32\libg_nano.a(lib_a-closer.o)
 .debug_frame   0x000000000000276c       0x30 d:/mounriver/mounriver_studio/toolchain/risc-v embedded gcc/bin/../lib/gcc/riscv-none-embed/8.2.0/../../../../riscv-none-embed/lib/rv32imac/ilp32\libg_nano.a(lib_a-fstatr.o)
 .debug_frame   0x000000000000279c       0x30 d:/mounriver/mounriver_studio/toolchain/risc-v embedded gcc/bin/../lib/gcc/riscv-none-embed/8.2.0/../../../../riscv-none-embed/lib/rv32imac/ilp32\libg_nano.a(lib_a-isattyr.o)
 .debug_frame   0x00000000000027cc       0x30 d:/mounriver/mounriver_studio/toolchain/risc-v embedded gcc/bin/../lib/gcc/riscv-none-embed/8.2.0/../../../../riscv-none-embed/lib/rv32imac/ilp32\libg_nano.a(lib_a-lseekr.o)
 .debug_frame   0x00000000000027fc       0x20 d:/mounriver/mounriver_studio/toolchain/risc-v embedded gcc/bin/../lib/gcc/riscv-none-embed/8.2.0/../../../../riscv-none-embed/lib/rv32imac/ilp32\libg_nano.a(lib_a-memchr.o)
 .debug_frame   0x000000000000281c       0x20 d:/mounriver/mounriver_studio/toolchain/risc-v embedded gcc/bin/../lib/gcc/riscv-none-embed/8.2.0/../../../../riscv-none-embed/lib/rv32imac/ilp32\libg_nano.a(lib_a-memmove.o)
 .debug_frame   0x000000000000283c       0x30 d:/mounriver/mounriver_studio/toolchain/risc-v embedded gcc/bin/../lib/gcc/riscv-none-embed/8.2.0/../../../../riscv-none-embed/lib/rv32imac/ilp32\libg_nano.a(lib_a-mlock.o)
 .debug_frame   0x000000000000286c       0x40 d:/mounriver/mounriver_studio/toolchain/risc-v embedded gcc/bin/../lib/gcc/riscv-none-embed/8.2.0/../../../../riscv-none-embed/lib/rv32imac/ilp32\libg_nano.a(lib_a-nano-reallocr.o)
 .debug_frame   0x00000000000028ac       0x30 d:/mounriver/mounriver_studio/toolchain/risc-v embedded gcc/bin/../lib/gcc/riscv-none-embed/8.2.0/../../../../riscv-none-embed/lib/rv32imac/ilp32\libg_nano.a(lib_a-readr.o)
 .debug_frame   0x00000000000028dc       0x70 d:/mounriver/mounriver_studio/toolchain/risc-v embedded gcc/bin/../lib/gcc/riscv-none-embed/8.2.0/../../../../riscv-none-embed/lib/rv32imac/ilp32\libg_nano.a(lib_a-reent.o)
 .debug_frame   0x000000000000294c       0x20 d:/mounriver/mounriver_studio/toolchain/risc-v embedded gcc/bin/../lib/gcc/riscv-none-embed/8.2.0/../../../../riscv-none-embed/lib/rv32imac/ilp32\libg_nano.a(lib_a-nano-msizer.o)
 .debug_frame   0x000000000000296c       0x20 d:/mounriver/mounriver_studio/toolchain/risc-v embedded gcc/bin/../lib/gcc/riscv-none-embed/8.2.0/../../../../riscv-none-embed/lib/rv32imac/ilp32\libnosys.a(close.o)
 .debug_frame   0x000000000000298c       0x20 d:/mounriver/mounriver_studio/toolchain/risc-v embedded gcc/bin/../lib/gcc/riscv-none-embed/8.2.0/../../../../riscv-none-embed/lib/rv32imac/ilp32\libnosys.a(fstat.o)
 .debug_frame   0x00000000000029ac       0x20 d:/mounriver/mounriver_studio/toolchain/risc-v embedded gcc/bin/../lib/gcc/riscv-none-embed/8.2.0/../../../../riscv-none-embed/lib/rv32imac/ilp32\libnosys.a(isatty.o)
 .debug_frame   0x00000000000029cc       0x20 d:/mounriver/mounriver_studio/toolchain/risc-v embedded gcc/bin/../lib/gcc/riscv-none-embed/8.2.0/../../../../riscv-none-embed/lib/rv32imac/ilp32\libnosys.a(lseek.o)
 .debug_frame   0x00000000000029ec       0x20 d:/mounriver/mounriver_studio/toolchain/risc-v embedded gcc/bin/../lib/gcc/riscv-none-embed/8.2.0/../../../../riscv-none-embed/lib/rv32imac/ilp32\libnosys.a(read.o)
 .debug_frame   0x0000000000002a0c       0x20 d:/mounriver/mounriver_studio/toolchain/risc-v embedded gcc/bin/../lib/gcc/riscv-none-embed/8.2.0/../../../../riscv-none-embed/lib/rv32imac/ilp32\libnosys.a(sbrk.o)

.stab           0x0000000000000000       0x84
 .stab          0x0000000000000000       0x24 d:/mounriver/mounriver_studio/toolchain/risc-v embedded gcc/bin/../lib/gcc/riscv-none-embed/8.2.0/../../../../riscv-none-embed/lib/rv32imac/ilp32\libnosys.a(close.o)
 .stab          0x0000000000000024       0x18 d:/mounriver/mounriver_studio/toolchain/risc-v embedded gcc/bin/../lib/gcc/riscv-none-embed/8.2.0/../../../../riscv-none-embed/lib/rv32imac/ilp32\libnosys.a(fstat.o)
                                         0x24 (size before relaxing)
 .stab          0x000000000000003c       0x18 d:/mounriver/mounriver_studio/toolchain/risc-v embedded gcc/bin/../lib/gcc/riscv-none-embed/8.2.0/../../../../riscv-none-embed/lib/rv32imac/ilp32\libnosys.a(isatty.o)
                                         0x24 (size before relaxing)
 .stab          0x0000000000000054       0x18 d:/mounriver/mounriver_studio/toolchain/risc-v embedded gcc/bin/../lib/gcc/riscv-none-embed/8.2.0/../../../../riscv-none-embed/lib/rv32imac/ilp32\libnosys.a(lseek.o)
                                         0x24 (size before relaxing)
 .stab          0x000000000000006c       0x18 d:/mounriver/mounriver_studio/toolchain/risc-v embedded gcc/bin/../lib/gcc/riscv-none-embed/8.2.0/../../../../riscv-none-embed/lib/rv32imac/ilp32\libnosys.a(read.o)
                                         0x24 (size before relaxing)

.stabstr        0x0000000000000000      0x117
 .stabstr       0x0000000000000000      0x117 d:/mounriver/mounriver_studio/toolchain/risc-v embedded gcc/bin/../lib/gcc/riscv-none-embed/8.2.0/../../../../riscv-none-embed/lib/rv32imac/ilp32\libnosys.a(close.o)
